>>> BaseGeometry = __import__('7-base_geometry').BaseGeometry

>>> bg = BaseGeometry()
>>> bg.integer_validator("age", 37)

>>> bg.integer_validator("number", -8)
Traceback (most recent call last):
...
ValueError: number must be greater than 0

>>> bg.integer_validator("length", "int")
Traceback (most recent call last):
...
TypeError: length must be an integer

>>> bg.integer_validator("size", 3.1)
Traceback (most recent call last):
...
TypeError: size must be an integer

>>> bg = BaseGeometry()
>>> bg.area()
Traceback (most recent call last):
...
Exception: area() is not implemented